// Jest Snapshot v1, https://goo.gl/fbAQLP

exports[`render conrrectly 1`] = `
<View>
  <Text>
     Hello World 
  </Text>
</View>
`;

exports[`test rendering of flatList 1`] = `
<RCTScrollView
  data={
    Array [
      "1",
      "2",
      "3",
    ]
  }
  getItem={[Function]}
  getItemCount={[Function]}
  keyExtractor={[Function]}
  onContentSizeChange={[Function]}
  onLayout={[Function]}
  onMomentumScrollBegin={[Function]}
  onMomentumScrollEnd={[Function]}
  onScroll={[Function]}
  onScrollBeginDrag={[Function]}
  onScrollEndDrag={[Function]}
  removeClippedSubviews={false}
  renderItem={[Function]}
  scrollEventThrottle={50}
  stickyHeaderIndices={Array []}
  viewabilityConfigCallbackPairs={Array []}
>
  <View>
    <View
      onLayout={[Function]}
      style={null}
    >
      <Text>
         item 
      </Text>
    </View>
    <View
      onLayout={[Function]}
      style={null}
    >
      <Text>
         item 
      </Text>
    </View>
    <View
      onLayout={[Function]}
      style={null}
    >
      <Text>
         item 
      </Text>
    </View>
  </View>
</RCTScrollView>
`;
